  Automatic MOC and UIC for target BulletCollision
  Building Custom Rule C:/work/qt/Studio/irisgl/src/bullet3/src/BulletCollision/CMakeLists.txt
  mocs_compilation_Debug.cpp
  btAxisSweep3.cpp
  btBroadphaseProxy.cpp
  btCollisionAlgorithm.cpp
  btDbvt.cpp
  btDbvtBroadphase.cpp
  btDispatcher.cpp
  btOverlappingPairCache.cpp
  btQuantizedBvh.cpp
  btSimpleBroadphase.cpp
  btActivatingCollisionAlgorithm.cpp
  btBoxBoxCollisionAlgorithm.cpp
  btBox2dBox2dCollisionAlgorithm.cpp
  btBoxBoxDetector.cpp
  btCollisionDispatcher.cpp
  btCollisionDispatcherMt.cpp
  btCollisionObject.cpp
  btCollisionWorld.cpp
  btCollisionWorldImporter.cpp
  btCompoundCollisionAlgorithm.cpp
  btCompoundCompoundCollisionAlgorithm.cpp
  btConvexConcaveCollisionAlgorithm.cpp
  btConvexConvexAlgorithm.cpp
  btConvexPlaneCollisionAlgorithm.cpp
  btConvex2dConvex2dAlgorithm.cpp
  btDefaultCollisionConfiguration.cpp
  btEmptyCollisionAlgorithm.cpp
  btGhostObject.cpp
  btHashedSimplePairCache.cpp
  btInternalEdgeUtility.cpp
  btManifoldResult.cpp
  btSimulationIslandManager.cpp
  btSphereBoxCollisionAlgorithm.cpp
  btSphereSphereCollisionAlgorithm.cpp
  btSphereTriangleCollisionAlgorithm.cpp
  btUnionFind.cpp
  SphereTriangleDetector.cpp
  btBoxShape.cpp
  btBox2dShape.cpp
  btBvhTriangleMeshShape.cpp
  btCapsuleShape.cpp
  btCollisionShape.cpp
  btCompoundShape.cpp
  btConcaveShape.cpp
  btConeShape.cpp
  btConvexHullShape.cpp
  btConvexInternalShape.cpp
  btConvexPointCloudShape.cpp
  btConvexPolyhedron.cpp
  btConvexShape.cpp
  btConvex2dShape.cpp
  btConvexTriangleMeshShape.cpp
  btCylinderShape.cpp
  btEmptyShape.cpp
  btHeightfieldTerrainShape.cpp
  btMiniSDF.cpp
  btMinkowskiSumShape.cpp
  btMultimaterialTriangleMeshShape.cpp
  btMultiSphereShape.cpp
  btOptimizedBvh.cpp
  btPolyhedralConvexShape.cpp
  btScaledBvhTriangleMeshShape.cpp
  btSdfCollisionShape.cpp
  btShapeHull.cpp
  btSphereShape.cpp
  btStaticPlaneShape.cpp
  btStridingMeshInterface.cpp
  btTetrahedronShape.cpp
  btTriangleBuffer.cpp
  btTriangleCallback.cpp
  btTriangleIndexVertexArray.cpp
  btTriangleIndexVertexMaterialArray.cpp
  btTriangleMesh.cpp
  btTriangleMeshShape.cpp
  btUniformScalingShape.cpp
  btContactProcessing.cpp
  btGenericPoolAllocator.cpp
  btGImpactBvh.cpp
  btGImpactCollisionAlgorithm.cpp
  btGImpactQuantizedBvh.cpp
  btGImpactShape.cpp
  btTriangleShapeEx.cpp
  gim_box_set.cpp
  gim_contact.cpp
  gim_memory.cpp
  gim_tri_collision.cpp
  btContinuousConvexCollision.cpp
  btConvexCast.cpp
  btGjkConvexCast.cpp
  btGjkEpa2.cpp
  btGjkEpaPenetrationDepthSolver.cpp
  btGjkPairDetector.cpp
  btMinkowskiPenetrationDepthSolver.cpp
  btPersistentManifold.cpp
  btRaycastCallback.cpp
  btSubSimplexConvexCast.cpp
  btVoronoiSimplexSolver.cpp
  btPolyhedralContactClipping.cpp
  BulletCollision.vcxproj -> C:\work\qt\Studio\build_vs\lib\Debug\BulletCollisiond.lib
