  Automatic MOC and UIC for target BulletDynamics
  Building Custom Rule C:/work/qt/Studio/irisgl/src/bullet3/src/BulletDynamics/CMakeLists.txt
  mocs_compilation_Debug.cpp
  btKinematicCharacterController.cpp
  btConeTwistConstraint.cpp
  btContactConstraint.cpp
  btFixedConstraint.cpp
  btGearConstraint.cpp
  btGeneric6DofConstraint.cpp
  btGeneric6DofSpringConstraint.cpp
  btGeneric6DofSpring2Constraint.cpp
  btHinge2Constraint.cpp
  btHingeConstraint.cpp
  btPoint2PointConstraint.cpp
  btSequentialImpulseConstraintSolver.cpp
  btSequentialImpulseConstraintSolverMt.cpp
  btBatchedConstraints.cpp
  btNNCGConstraintSolver.cpp
  btSliderConstraint.cpp
  btSolve2LinearConstraint.cpp
  btTypedConstraint.cpp
  btUniversalConstraint.cpp
  btDiscreteDynamicsWorld.cpp
  btDiscreteDynamicsWorldMt.cpp
  btSimulationIslandManagerMt.cpp
  btRigidBody.cpp
  btSimpleDynamicsWorld.cpp
  btRaycastVehicle.cpp
  btWheelInfo.cpp
  btMultiBody.cpp
  btMultiBodyConstraint.cpp
  btMultiBodyConstraintSolver.cpp
  btMultiBodyDynamicsWorld.cpp
  btMultiBodyFixedConstraint.cpp
  btMultiBodyGearConstraint.cpp
  btMultiBodyJointLimitConstraint.cpp
  btMultiBodyJointMotor.cpp
  btMultiBodyMLCPConstraintSolver.cpp
  btMultiBodyPoint2Point.cpp
  btMultiBodySliderConstraint.cpp
  btDantzigLCP.cpp
  btMLCPSolver.cpp
  btLemkeAlgorithm.cpp
  BulletDynamics.vcxproj -> C:\work\qt\Studio\build_vs\lib\Debug\BulletDynamicsd.lib
