  Automatic MOC and UIC for target assimp
  Building Custom Rule C:/work/qt/Studio/irisgl/src/assimp/code/CMakeLists.txt
  mocs_compilation_Debug.cpp
  Assimp.cpp
  CInterfaceIOWrapper.cpp
  Compression.cpp
  BaseImporter.cpp
  BaseProcess.cpp
  PostStepRegistry.cpp
  ImporterRegistry.cpp
  DefaultIOStream.cpp
  IOSystem.cpp
  DefaultIOSystem.cpp
  ZipArchiveIOSystem.cpp
  Importer.cpp
  SGSpatialSort.cpp
  VertexTriangleAdjacency.cpp
  SpatialSort.cpp
  SceneCombiner.cpp
  ScenePreprocessor.cpp
  SkeletonMeshBuilder.cpp
  StandardShapes.cpp
  TargetAnimation.cpp
  RemoveComments.cpp
  Subdivision.cpp
  scene.cpp
  Bitmap.cpp
  Version.cpp
  CreateAnimMesh.cpp
  simd.cpp
  material.cpp
  AssertHandler.cpp
  Exceptional.cpp
  Base64.cpp
  GeometryUtils.cpp
  DefaultLogger.cpp
  CalcTangentsProcess.cpp
  ComputeUVMappingProcess.cpp
  ConvertToLHProcess.cpp
  EmbedTexturesProcess.cpp
  FindDegenerates.cpp
  FindInstancesProcess.cpp
  FindInvalidDataProcess.cpp
  FixNormalsStep.cpp
  DropFaceNormalsProcess.cpp
  GenFaceNormalsProcess.cpp
  GenVertexNormalsProcess.cpp
  PretransformVertices.cpp
  ImproveCacheLocality.cpp
  JoinVerticesProcess.cpp
  LimitBoneWeightsProcess.cpp
  RemoveRedundantMaterials.cpp
  RemoveVCProcess.cpp
  SortByPTypeProcess.cpp
  SplitLargeMeshes.cpp
  TextureTransform.cpp
  TriangulateProcess.cpp
  ValidateDataStructure.cpp
  OptimizeGraph.cpp
  OptimizeMeshes.cpp
  DeboneProcess.cpp
  ProcessHelper.cpp
  MakeVerboseFormat.cpp
  ScaleProcess.cpp
  ArmaturePopulate.cpp
  GenBoundingBoxesProcess.cpp
  SplitByBoneCountProcess.cpp
  MaterialSystem.cpp
  STEPFileReader.cpp
  STEPFileEncoding.cpp
  glTFCommon.cpp
  ColladaHelper.cpp
  ColladaLoader.cpp
  ColladaParser.cpp
  ObjFileImporter.cpp
  ObjFileMtlImporter.cpp
  ObjFileParser.cpp
  FBXImporter.cpp
  FBXParser.cpp
  FBXTokenizer.cpp
  FBXConverter.cpp
  FBXUtil.cpp
  FBXDocument.cpp
  FBXProperties.cpp
  FBXMeshGeometry.cpp
  FBXMaterial.cpp
  FBXModel.cpp
  FBXAnimation.cpp
  FBXNodeAttribute.cpp
  FBXDeformer.cpp
  FBXBinaryTokenizer.cpp
  FBXDocumentUtil.cpp
  glTFImporter.cpp
  glTF2Importer.cpp
  shapes.cc
  advancing_front.cc
  cdt.cc
  sweep.cc
  sweep_context.cc
  clipper.cpp
  OpenDDLParser.cpp
  DDLNode.cpp
  OpenDDLCommon.cpp
  OpenDDLExport.cpp
  Value.cpp
  OpenDDLStream.cpp
  o3dgcArithmeticCodec.cpp
  o3dgcDynamicVectorDecoder.cpp
  o3dgcDynamicVectorEncoder.cpp
  o3dgcTools.cpp
  o3dgcTriangleFans.cpp
  pugixml.cpp
  ioapi.c
  unzip.c
    正在创建库 C:/work/qt/Studio/build_vs/irisgl/src/assimp/lib/Debug/assimp-vc143-mtd.lib 和对象 C:/work/qt/Studio/build_vs/irisgl/src/assimp/lib/Debug/assimp-vc143-mtd.exp
  assimp.vcxproj -> C:\work\qt\Studio\build_vs\bin\Debug\assimp-vc143-mtd.dll
